This is pdfTeX, Version 3.141592653-2.6-1.40.26 (TeX Live 2025/dev/Debian) (preloaded format=pdflatex 2026.1.4)  3 JUN 2026 12:04
entering extended mode
 restricted \write18 enabled.
 file:line:error style messages enabled.
 %&-line parsing enabled.
**/home/jannes/Desktop/Files/University/M_ETIT/2_Semester/HF/ZF/main.tex
(/home/jannes/Desktop/Files/University/M_ETIT/2_Semester/HF/ZF/main.tex
LaTeX2e <2024-11-01> patch level 2
L3 programming layer <2025-01-18>
(/usr/share/texlive/texmf-dist/tex/latex/base/article.cls
Document Class: article 2024/06/29 v1.4n Standard LaTeX document class
(/usr/share/texlive/texmf-dist/tex/latex/base/size11.clo
File: size11.clo 2024/06/29 v1.4n Standard LaTeX file (size option)
)
\c@part=\count196
\c@section=\count197
\c@subsection=\count198
\c@subsubsection=\count199
\c@paragraph=\count266
\c@subparagraph=\count267
\c@figure=\count268
\c@table=\count269
\abovecaptionskip=\skip49
\belowcaptionskip=\skip50
\bibindent=\dimen141
) (/usr/share/texlive/texmf-dist/tex/latex/geometry/geometry.sty
Package: geometry 2020/01/02 v5.9 Page Geometry
 (/usr/share/texlive/texmf-dist/tex/latex/graphics/keyval.sty
Package: keyval 2022/05/29 v1.15 key=value parser (DPC)
\KV@toks@=\toks17
) (/usr/share/texlive/texmf-dist/tex/generic/iftex/ifvtex.sty
Package: ifvtex 2019/10/25 v1.7 ifvtex legacy package. Use iftex instead.
 (/usr/share/texlive/texmf-dist/tex/generic/iftex/iftex.sty
Package: iftex 2024/12/12 v1.0g TeX engine tests
))
\Gm@cnth=\count270
\Gm@cntv=\count271
\c@Gm@tempcnt=\count272
\Gm@bindingoffset=\dimen142
\Gm@wd@mp=\dimen143
\Gm@odd@mp=\dimen144
\Gm@even@mp=\dimen145
\Gm@layoutwidth=\dimen146
\Gm@layoutheight=\dimen147
\Gm@layouthoffset=\dimen148
\Gm@layoutvoffset=\dimen149
\Gm@dimlist=\toks18
) (/home/jannes/texmf/tex/latex/ZFPredef/ZFPredef.sty
Package: ZFPredef 
 (/usr/share/texlive/texmf-dist/tex/latex/amsmath/amsmath.sty
Package: amsmath 2024/11/05 v2.17t AMS math features
\@mathmargin=\skip51

For additional information on amsmath, use the `?' option.
(/usr/share/texlive/texmf-dist/tex/latex/amsmath/amstext.sty
Package: amstext 2021/08/26 v2.01 AMS text
 (/usr/share/texlive/texmf-dist/tex/latex/amsmath/amsgen.sty
File: amsgen.sty 1999/11/30 v2.0 generic functions
\@emptytoks=\toks19
\ex@=\dimen150
)) (/usr/share/texlive/texmf-dist/tex/latex/amsmath/amsbsy.sty
Package: amsbsy 1999/11/29 v1.2d Bold Symbols
\pmbraise@=\dimen151
) (/usr/share/texlive/texmf-dist/tex/latex/amsmath/amsopn.sty
Package: amsopn 2022/04/08 v2.04 operator names
)
\inf@bad=\count273
LaTeX Info: Redefining \frac on input line 233.
\uproot@=\count274
\leftroot@=\count275
LaTeX Info: Redefining \overline on input line 398.
LaTeX Info: Redefining \colon on input line 409.
\classnum@=\count276
\DOTSCASE@=\count277
LaTeX Info: Redefining \ldots on input line 495.
LaTeX Info: Redefining \dots on input line 498.
LaTeX Info: Redefining \cdots on input line 619.
\Mathstrutbox@=\box52
\strutbox@=\box53
LaTeX Info: Redefining \big on input line 721.
LaTeX Info: Redefining \Big on input line 722.
LaTeX Info: Redefining \bigg on input line 723.
LaTeX Info: Redefining \Bigg on input line 724.
\big@size=\dimen152
LaTeX Font Info:    Redeclaring font encoding OML on input line 742.
LaTeX Font Info:    Redeclaring font encoding OMS on input line 743.
\macc@depth=\count278
LaTeX Info: Redefining \bmod on input line 904.
LaTeX Info: Redefining \pmod on input line 909.
LaTeX Info: Redefining \smash on input line 939.
LaTeX Info: Redefining \relbar on input line 969.
LaTeX Info: Redefining \Relbar on input line 970.
\c@MaxMatrixCols=\count279
\dotsspace@=\muskip17
\c@parentequation=\count280
\dspbrk@lvl=\count281
\tag@help=\toks20
\row@=\count282
\column@=\count283
\maxfields@=\count284
\andhelp@=\toks21
\eqnshift@=\dimen153
\alignsep@=\dimen154
\tagshift@=\dimen155
\tagwidth@=\dimen156
\totwidth@=\dimen157
\lineht@=\dimen158
\@envbody=\toks22
\multlinegap=\skip52
\multlinetaggap=\skip53
\mathdisplay@stack=\toks23
LaTeX Info: Redefining \[ on input line 2953.
LaTeX Info: Redefining \] on input line 2954.
) (/usr/share/texlive/texmf-dist/tex/latex/amsfonts/amssymb.sty
Package: amssymb 2013/01/14 v3.01 AMS font symbols
 (/usr/share/texlive/texmf-dist/tex/latex/amsfonts/amsfonts.sty
Package: amsfonts 2013/01/14 v3.01 Basic AMSFonts support
\symAMSa=\mathgroup4
\symAMSb=\mathgroup5
LaTeX Font Info:    Redeclaring math symbol \hbar on input line 98.
LaTeX Font Info:    Overwriting math alphabet `\mathfrak' in version `bold'
(Font)                  U/euf/m/n --> U/euf/b/n on input line 106.
)) (/usr/share/texlive/texmf-dist/tex/latex/pgf/frontendlayer/tikz.sty (/usr/share/texlive/texmf-dist/tex/latex/pgf/basiclayer/pgf.sty (/usr/share/texlive/texmf-dist/tex/latex/pgf/utilities/pgfrcs.sty (/usr/share/texlive/texmf-dist/tex/generic/pgf/utilities/pgfutil-common.tex
\pgfutil@everybye=\toks24
\pgfutil@tempdima=\dimen159
\pgfutil@tempdimb=\dimen160
) (/usr/share/texlive/texmf-dist/tex/generic/pgf/utilities/pgfutil-latex.def
\pgfutil@abb=\box54
) (/usr/share/texlive/texmf-dist/tex/generic/pgf/utilities/pgfrcs.code.tex (/usr/share/texlive/texmf-dist/tex/generic/pgf/pgf.revision.tex)
Package: pgfrcs 2023-01-15 v3.1.10 (3.1.10)
))
Package: pgf 2023-01-15 v3.1.10 (3.1.10)
 (/usr/share/texlive/texmf-dist/tex/latex/pgf/basiclayer/pgfcore.sty (/usr/share/texlive/texmf-dist/tex/latex/graphics/graphicx.sty
Package: graphicx 2021/09/16 v1.2d Enhanced LaTeX Graphics (DPC,SPQR)
 (/usr/share/texlive/texmf-dist/tex/latex/graphics/graphics.sty
Package: graphics 2024/08/06 v1.4g Standard LaTeX Graphics (DPC,SPQR)
 (/usr/share/texlive/texmf-dist/tex/latex/graphics/trig.sty
Package: trig 2023/12/02 v1.11 sin cos tan (DPC)
) (/usr/share/texlive/texmf-dist/tex/latex/graphics-cfg/graphics.cfg
File: graphics.cfg 2016/06/04 v1.11 sample graphics configuration
)
Package graphics Info: Driver file: pdftex.def on input line 106.
 (/usr/share/texlive/texmf-dist/tex/latex/graphics-def/pdftex.def
File: pdftex.def 2024/04/13 v1.2c Graphics/color driver for pdftex
))
\Gin@req@height=\dimen161
\Gin@req@width=\dimen162
) (/usr/share/texlive/texmf-dist/tex/latex/pgf/systemlayer/pgfsys.sty (/usr/share/texlive/texmf-dist/tex/generic/pgf/systemlayer/pgfsys.code.tex
Package: pgfsys 2023-01-15 v3.1.10 (3.1.10)
 (/usr/share/texlive/texmf-dist/tex/generic/pgf/utilities/pgfkeys.code.tex
\pgfkeys@pathtoks=\toks25
\pgfkeys@temptoks=\toks26
 (/usr/share/texlive/texmf-dist/tex/generic/pgf/utilities/pgfkeyslibraryfiltered.code.tex
\pgfkeys@tmptoks=\toks27
))
\pgf@x=\dimen163
\pgf@y=\dimen164
\pgf@xa=\dimen165
\pgf@ya=\dimen166
\pgf@xb=\dimen167
\pgf@yb=\dimen168
\pgf@xc=\dimen169
\pgf@yc=\dimen170
\pgf@xd=\dimen171
\pgf@yd=\dimen172
\w@pgf@writea=\write3
\r@pgf@reada=\read2
\c@pgf@counta=\count285
\c@pgf@countb=\count286
\c@pgf@countc=\count287
\c@pgf@countd=\count288
\t@pgf@toka=\toks28
\t@pgf@tokb=\toks29
\t@pgf@tokc=\toks30
\pgf@sys@id@count=\count289
 (/usr/share/texlive/texmf-dist/tex/generic/pgf/systemlayer/pgf.cfg
File: pgf.cfg 2023-01-15 v3.1.10 (3.1.10)
)
Driver file for pgf: pgfsys-pdftex.def
 (/usr/share/texlive/texmf-dist/tex/generic/pgf/systemlayer/pgfsys-pdftex.def
File: pgfsys-pdftex.def 2023-01-15 v3.1.10 (3.1.10)
 (/usr/share/texlive/texmf-dist/tex/generic/pgf/systemlayer/pgfsys-common-pdf.def
File: pgfsys-common-pdf.def 2023-01-15 v3.1.10 (3.1.10)
))) (/usr/share/texlive/texmf-dist/tex/generic/pgf/systemlayer/pgfsyssoftpath.code.tex
File: pgfsyssoftpath.code.tex 2023-01-15 v3.1.10 (3.1.10)
\pgfsyssoftpath@smallbuffer@items=\count290
\pgfsyssoftpath@bigbuffer@items=\count291
) (/usr/share/texlive/texmf-dist/tex/generic/pgf/systemlayer/pgfsysprotocol.code.tex
File: pgfsysprotocol.code.tex 2023-01-15 v3.1.10 (3.1.10)
)) (/usr/share/texlive/texmf-dist/tex/latex/xcolor/xcolor.sty
Package: xcolor 2024/09/29 v3.02 LaTeX color extensions (UK)
 (/usr/share/texlive/texmf-dist/tex/latex/graphics-cfg/color.cfg
File: color.cfg 2016/01/02 v1.6 sample color configuration
)
Package xcolor Info: Driver file: pdftex.def on input line 274.
 (/usr/share/texlive/texmf-dist/tex/latex/graphics/mathcolor.ltx)
Package xcolor Info: Model `cmy' substituted by `cmy0' on input line 1349.
Package xcolor Info: Model `hsb' substituted by `rgb' on input line 1353.
Package xcolor Info: Model `RGB' extended on input line 1365.
Package xcolor Info: Model `HTML' substituted by `rgb' on input line 1367.
Package xcolor Info: Model `Hsb' substituted by `hsb' on input line 1368.
Package xcolor Info: Model `tHsb' substituted by `hsb' on input line 1369.
Package xcolor Info: Model `HSB' substituted by `hsb' on input line 1370.
Package xcolor Info: Model `Gray' substituted by `gray' on input line 1371.
Package xcolor Info: Model `wave' substituted by `hsb' on input line 1372.
) (/usr/share/texlive/texmf-dist/tex/generic/pgf/basiclayer/pgfcore.code.tex
Package: pgfcore 2023-01-15 v3.1.10 (3.1.10)
 (/usr/share/texlive/texmf-dist/tex/generic/pgf/math/pgfmath.code.tex (/usr/share/texlive/texmf-dist/tex/generic/pgf/math/pgfmathutil.code.tex) (/usr/share/texlive/texmf-dist/tex/generic/pgf/math/pgfmathparser.code.tex
\pgfmath@dimen=\dimen173
\pgfmath@count=\count292
\pgfmath@box=\box55
\pgfmath@toks=\toks31
\pgfmath@stack@operand=\toks32
\pgfmath@stack@operation=\toks33
) (/usr/share/texlive/texmf-dist/tex/generic/pgf/math/pgfmathfunctions.code.tex) (/usr/share/texlive/texmf-dist/tex/generic/pgf/math/pgfmathfunctions.basic.code.tex) (/usr/share/texlive/texmf-dist/tex/generic/pgf/math/pgfmathfunctions.trigonometric.code.tex) (/usr/share/texlive/texmf-dist/tex/generic/pgf/math/pgfmathfunctions.random.code.tex) (/usr/share/texlive/texmf-dist/tex/generic/pgf/math/pgfmathfunctions.comparison.code.tex) (/usr/share/texlive/texmf-dist/tex/generic/pgf/math/pgfmathfunctions.base.code.tex) (/usr/share/texlive/texmf-dist/tex/generic/pgf/math/pgfmathfunctions.round.code.tex) (/usr/share/texlive/texmf-dist/tex/generic/pgf/math/pgfmathfunctions.misc.code.tex) (/usr/share/texlive/texmf-dist/tex/generic/pgf/math/pgfmathfunctions.integerarithmetics.code.tex) (/usr/share/texlive/texmf-dist/tex/generic/pgf/math/pgfmathcalc.code.tex) (/usr/share/texlive/texmf-dist/tex/generic/pgf/math/pgfmathfloat.code.tex
\c@pgfmathroundto@lastzeros=\count293
)) (/usr/share/texlive/texmf-dist/tex/generic/pgf/math/pgfint.code.tex) (/usr/share/texlive/texmf-dist/tex/generic/pgf/basiclayer/pgfcorepoints.code.tex
File: pgfcorepoints.code.tex 2023-01-15 v3.1.10 (3.1.10)
\pgf@picminx=\dimen174
\pgf@picmaxx=\dimen175
\pgf@picminy=\dimen176
\pgf@picmaxy=\dimen177
\pgf@pathminx=\dimen178
\pgf@pathmaxx=\dimen179
\pgf@pathminy=\dimen180
\pgf@pathmaxy=\dimen181
\pgf@xx=\dimen182
\pgf@xy=\dimen183
\pgf@yx=\dimen184
\pgf@yy=\dimen185
\pgf@zx=\dimen186
\pgf@zy=\dimen187
) (/usr/share/texlive/texmf-dist/tex/generic/pgf/basiclayer/pgfcorepathconstruct.code.tex
File: pgfcorepathconstruct.code.tex 2023-01-15 v3.1.10 (3.1.10)
\pgf@path@lastx=\dimen188
\pgf@path@lasty=\dimen189
) (/usr/share/texlive/texmf-dist/tex/generic/pgf/basiclayer/pgfcorepathusage.code.tex
File: pgfcorepathusage.code.tex 2023-01-15 v3.1.10 (3.1.10)
\pgf@shorten@end@additional=\dimen190
\pgf@shorten@start@additional=\dimen191
) (/usr/share/texlive/texmf-dist/tex/generic/pgf/basiclayer/pgfcorescopes.code.tex
File: pgfcorescopes.code.tex 2023-01-15 v3.1.10 (3.1.10)
\pgfpic=\box56
\pgf@hbox=\box57
\pgf@layerbox@main=\box58
\pgf@picture@serial@count=\count294
) (/usr/share/texlive/texmf-dist/tex/generic/pgf/basiclayer/pgfcoregraphicstate.code.tex
File: pgfcoregraphicstate.code.tex 2023-01-15 v3.1.10 (3.1.10)
\pgflinewidth=\dimen192
) (/usr/share/texlive/texmf-dist/tex/generic/pgf/basiclayer/pgfcoretransformations.code.tex
File: pgfcoretransformations.code.tex 2023-01-15 v3.1.10 (3.1.10)
\pgf@pt@x=\dimen193
\pgf@pt@y=\dimen194
\pgf@pt@temp=\dimen195
) (/usr/share/texlive/texmf-dist/tex/generic/pgf/basiclayer/pgfcorequick.code.tex
File: pgfcorequick.code.tex 2023-01-15 v3.1.10 (3.1.10)
) (/usr/share/texlive/texmf-dist/tex/generic/pgf/basiclayer/pgfcoreobjects.code.tex
File: pgfcoreobjects.code.tex 2023-01-15 v3.1.10 (3.1.10)
) (/usr/share/texlive/texmf-dist/tex/generic/pgf/basiclayer/pgfcorepathprocessing.code.tex
File: pgfcorepathprocessing.code.tex 2023-01-15 v3.1.10 (3.1.10)
) (/usr/share/texlive/texmf-dist/tex/generic/pgf/basiclayer/pgfcorearrows.code.tex
File: pgfcorearrows.code.tex 2023-01-15 v3.1.10 (3.1.10)
\pgfarrowsep=\dimen196
) (/usr/share/texlive/texmf-dist/tex/generic/pgf/basiclayer/pgfcoreshade.code.tex
File: pgfcoreshade.code.tex 2023-01-15 v3.1.10 (3.1.10)
\pgf@max=\dimen197
\pgf@sys@shading@range@num=\count295
\pgf@shadingcount=\count296
) (/usr/share/texlive/texmf-dist/tex/generic/pgf/basiclayer/pgfcoreimage.code.tex
File: pgfcoreimage.code.tex 2023-01-15 v3.1.10 (3.1.10)
) (/usr/share/texlive/texmf-dist/tex/generic/pgf/basiclayer/pgfcoreexternal.code.tex
File: pgfcoreexternal.code.tex 2023-01-15 v3.1.10 (3.1.10)
\pgfexternal@startupbox=\box59
) (/usr/share/texlive/texmf-dist/tex/generic/pgf/basiclayer/pgfcorelayers.code.tex
File: pgfcorelayers.code.tex 2023-01-15 v3.1.10 (3.1.10)
) (/usr/share/texlive/texmf-dist/tex/generic/pgf/basiclayer/pgfcoretransparency.code.tex
File: pgfcoretransparency.code.tex 2023-01-15 v3.1.10 (3.1.10)
) (/usr/share/texlive/texmf-dist/tex/generic/pgf/basiclayer/pgfcorepatterns.code.tex
File: pgfcorepatterns.code.tex 2023-01-15 v3.1.10 (3.1.10)
) (/usr/share/texlive/texmf-dist/tex/generic/pgf/basiclayer/pgfcorerdf.code.tex
File: pgfcorerdf.code.tex 2023-01-15 v3.1.10 (3.1.10)
))) (/usr/share/texlive/texmf-dist/tex/generic/pgf/modules/pgfmoduleshapes.code.tex
File: pgfmoduleshapes.code.tex 2023-01-15 v3.1.10 (3.1.10)
\pgfnodeparttextbox=\box60
) (/usr/share/texlive/texmf-dist/tex/generic/pgf/modules/pgfmoduleplot.code.tex
File: pgfmoduleplot.code.tex 2023-01-15 v3.1.10 (3.1.10)
) (/usr/share/texlive/texmf-dist/tex/latex/pgf/compatibility/pgfcomp-version-0-65.sty
Package: pgfcomp-version-0-65 2023-01-15 v3.1.10 (3.1.10)
\pgf@nodesepstart=\dimen198
\pgf@nodesepend=\dimen199
) (/usr/share/texlive/texmf-dist/tex/latex/pgf/compatibility/pgfcomp-version-1-18.sty
Package: pgfcomp-version-1-18 2023-01-15 v3.1.10 (3.1.10)
)) (/usr/share/texlive/texmf-dist/tex/latex/pgf/utilities/pgffor.sty (/usr/share/texlive/texmf-dist/tex/latex/pgf/utilities/pgfkeys.sty (/usr/share/texlive/texmf-dist/tex/generic/pgf/utilities/pgfkeys.code.tex)) (/usr/share/texlive/texmf-dist/tex/latex/pgf/math/pgfmath.sty (/usr/share/texlive/texmf-dist/tex/generic/pgf/math/pgfmath.code.tex)) (/usr/share/texlive/texmf-dist/tex/generic/pgf/utilities/pgffor.code.tex
Package: pgffor 2023-01-15 v3.1.10 (3.1.10)
\pgffor@iter=\dimen256
\pgffor@skip=\dimen257
\pgffor@stack=\toks34
\pgffor@toks=\toks35
)) (/usr/share/texlive/texmf-dist/tex/generic/pgf/frontendlayer/tikz/tikz.code.tex
Package: tikz 2023-01-15 v3.1.10 (3.1.10)
 (/usr/share/texlive/texmf-dist/tex/generic/pgf/libraries/pgflibraryplothandlers.code.tex
File: pgflibraryplothandlers.code.tex 2023-01-15 v3.1.10 (3.1.10)
\pgf@plot@mark@count=\count297
\pgfplotmarksize=\dimen258
)
\tikz@lastx=\dimen259
\tikz@lasty=\dimen260
\tikz@lastxsaved=\dimen261
\tikz@lastysaved=\dimen262
\tikz@lastmovetox=\dimen263
\tikz@lastmovetoy=\dimen264
\tikzleveldistance=\dimen265
\tikzsiblingdistance=\dimen266
\tikz@figbox=\box61
\tikz@figbox@bg=\box62
\tikz@tempbox=\box63
\tikz@tempbox@bg=\box64
\tikztreelevel=\count298
\tikznumberofchildren=\count299
\tikznumberofcurrentchild=\count300
\tikz@fig@count=\count301
 (/usr/share/texlive/texmf-dist/tex/generic/pgf/modules/pgfmodulematrix.code.tex
File: pgfmodulematrix.code.tex 2023-01-15 v3.1.10 (3.1.10)
\pgfmatrixcurrentrow=\count302
\pgfmatrixcurrentcolumn=\count303
\pgf@matrix@numberofcolumns=\count304
)
\tikz@expandcount=\count305
 (/usr/share/texlive/texmf-dist/tex/generic/pgf/frontendlayer/tikz/libraries/tikzlibrarytopaths.code.tex
File: tikzlibrarytopaths.code.tex 2023-01-15 v3.1.10 (3.1.10)
))) (/usr/share/texlive/texmf-dist/tex/generic/pgf/frontendlayer/tikz/libraries/tikzlibrarycalc.code.tex
File: tikzlibrarycalc.code.tex 2023-01-15 v3.1.10 (3.1.10)
) (/usr/share/texlive/texmf-dist/tex/generic/pgf/libraries/pgflibraryarrows.meta.code.tex
File: pgflibraryarrows.meta.code.tex 2023-01-15 v3.1.10 (3.1.10)
\pgfarrowinset=\dimen267
\pgfarrowlength=\dimen268
\pgfarrowwidth=\dimen269
\pgfarrowlinewidth=\dimen270
) (/usr/share/texlive/texmf-dist/tex/latex/tools/bm.sty
Package: bm 2023/12/19 v1.2f Bold Symbol Support (DPC/FMi)
\symboldoperators=\mathgroup6
\symboldletters=\mathgroup7
\symboldsymbols=\mathgroup8
Package bm Info: No bold for \OMX/cmex/m/n, using \pmb.
Package bm Info: No bold for \U/msa/m/n, using \pmb.
Package bm Info: No bold for \U/msb/m/n, using \pmb.
LaTeX Font Info:    Redeclaring math alphabet \mathbf on input line 149.
)) (/usr/share/texlive/texmf-dist/tex/latex/l3backend/l3backend-pdftex.def
File: l3backend-pdftex.def 2024-05-08 L3 backend support: PDF output (pdfTeX)
\l__color_backend_stack_int=\count306
\l__pdf_internal_box=\box65
) (./main.aux)
\openout1 = `main.aux'.

LaTeX Font Info:    Checking defaults for OML/cmm/m/it on input line 8.
LaTeX Font Info:    ... okay on input line 8.
LaTeX Font Info:    Checking defaults for OMS/cmsy/m/n on input line 8.
LaTeX Font Info:    ... okay on input line 8.
LaTeX Font Info:    Checking defaults for OT1/cmr/m/n on input line 8.
LaTeX Font Info:    ... okay on input line 8.
LaTeX Font Info:    Checking defaults for T1/cmr/m/n on input line 8.
LaTeX Font Info:    ... okay on input line 8.
LaTeX Font Info:    Checking defaults for TS1/cmr/m/n on input line 8.
LaTeX Font Info:    ... okay on input line 8.
LaTeX Font Info:    Checking defaults for OMX/cmex/m/n on input line 8.
LaTeX Font Info:    ... okay on input line 8.
LaTeX Font Info:    Checking defaults for U/cmr/m/n on input line 8.
LaTeX Font Info:    ... okay on input line 8.

*geometry* driver: auto-detecting
*geometry* detected driver: pdftex
*geometry* verbose mode - [ preamble ] result:
* driver: pdftex
* paper: custom
* layout: <same size as paper>
* layoutoffset:(h,v)=(0.0pt,0.0pt)
* modes: 
* h-part:(L,W,R)=(8.0pt, 581.50787pt, 8.0pt)
* v-part:(T,H,B)=(8.0pt, 829.04684pt, 8.0pt)
* \paperwidth=597.50787pt
* \paperheight=845.04684pt
* \textwidth=581.50787pt
* \textheight=829.04684pt
* \oddsidemargin=-64.26999pt
* \evensidemargin=-64.26999pt
* \topmargin=-101.26999pt
* \headheight=12.0pt
* \headsep=25.0pt
* \topskip=11.0pt
* \footskip=30.0pt
* \marginparwidth=4.0pt
* \marginparsep=10.0pt
* \columnsep=10.0pt
* \skip\footins=10.0pt plus 4.0pt minus 2.0pt
* \hoffset=0.0pt
* \voffset=0.0pt
* \mag=1000
* \@twocolumntrue
* \@twosidefalse
* \@mparswitchfalse
* \@reversemarginfalse
* (1in=72.27pt=25.4mm, 1cm=28.453pt)

(/usr/share/texlive/texmf-dist/tex/context/base/mkii/supp-pdf.mkii
[Loading MPS to PDF converter (version 2006.09.02).]
\scratchcounter=\count307
\scratchdimen=\dimen271
\scratchbox=\box66
\nofMPsegments=\count308
\nofMParguments=\count309
\everyMPshowfont=\toks36
\MPscratchCnt=\count310
\MPscratchDim=\dimen272
\MPnumerator=\count311
\makeMPintoPDFobject=\count312
\everyMPtoPDFconversion=\toks37
) (/usr/share/texlive/texmf-dist/tex/latex/epstopdf-pkg/epstopdf-base.sty
Package: epstopdf-base 2020-01-24 v2.11 Base part for package epstopdf
Package epstopdf-base Info: Redefining graphics rule for `.eps' on input line 485.
 (/usr/share/texlive/texmf-dist/tex/latex/latexconfig/epstopdf-sys.cfg
File: epstopdf-sys.cfg 2010/07/13 v1.3 Configuration of (r)epstopdf for TeX Live
)) (./topics/SPSchaltungen/smain.tex
LaTeX Font Info:    Trying to load font information for U+msa on input line 8.
 (/usr/share/texlive/texmf-dist/tex/latex/amsfonts/umsa.fd
File: umsa.fd 2013/01/14 v3.01 AMS symbols A
)
LaTeX Font Info:    Trying to load font information for U+msb on input line 8.
 (/usr/share/texlive/texmf-dist/tex/latex/amsfonts/umsb.fd
File: umsb.fd 2013/01/14 v3.01 AMS symbols B
)

(./topics/SPSchaltungen/z_tikz_1.tikz) (./topics/SPSchaltungen/z_tikz_2.tikz)

[1

{/var/lib/texmf/fonts/map/pdftex/updmap/pdftex.map}{/usr/share/texmf/fonts/enc/dvips/cm-super/cm-super-ts1.enc}] (./topics/SPSchaltungen/z_tikz_3.tikz) (./topics/SPSchaltungen/z_tikz_4.tikz)

<topics/SPSchaltungen/zimg4.png, id=25, 2194.1975pt x 415.5525pt>
File: topics/SPSchaltungen/zimg4.png Graphic file (type png)
<use topics/SPSchaltungen/zimg4.png>
Package pdftex.def Info: topics/SPSchaltungen/zimg4.png  used on input line 255.
(pdftex.def)             Requested size: 142.87697pt x 27.05624pt.
<topics/SPSchaltungen/zimg5.png, id=26, 1690.315pt x 431.6125pt>
File: topics/SPSchaltungen/zimg5.png Graphic file (type png)
<use topics/SPSchaltungen/zimg5.png>
Package pdftex.def Info: topics/SPSchaltungen/zimg5.png  used on input line 259.
(pdftex.def)             Requested size: 142.87697pt x 36.47911pt.
<topics/SPSchaltungen/zimg3.png, id=27, 1051.93pt x 419.5675pt>
File: topics/SPSchaltungen/zimg3.png Graphic file (type png)
<use topics/SPSchaltungen/zimg3.png>
Package pdftex.def Info: topics/SPSchaltungen/zimg3.png  used on input line 295.
(pdftex.def)             Requested size: 142.87697pt x 56.98488pt.
<topics/SPSchaltungen/zimg6.png, id=28, 983.675pt x 449.68pt>
File: topics/SPSchaltungen/zimg6.png Graphic file (type png)
<use topics/SPSchaltungen/zimg6.png>
Package pdftex.def Info: topics/SPSchaltungen/zimg6.png  used on input line 328.
(pdftex.def)             Requested size: 119.88193pt x 54.79637pt.


[2 <./topics/SPSchaltungen/zimg4.png> <./topics/SPSchaltungen/zimg5.png> <./topics/SPSchaltungen/zimg3.png> <./topics/SPSchaltungen/zimg6.png>]
<topics/SPSchaltungen/zimg7.png, id=32, 1336.995pt x 523.9575pt>
File: topics/SPSchaltungen/zimg7.png Graphic file (type png)
<use topics/SPSchaltungen/zimg7.png>
Package pdftex.def Info: topics/SPSchaltungen/zimg7.png  used on input line 338.
(pdftex.def)             Requested size: 119.88193pt x 46.97824pt.
<topics/SPSchaltungen/zimg1.png, id=33, 1515.6625pt x 664.4825pt>
File: topics/SPSchaltungen/zimg1.png Graphic file (type png)
<use topics/SPSchaltungen/zimg1.png>
Package pdftex.def Info: topics/SPSchaltungen/zimg1.png  used on input line 358.
(pdftex.def)             Requested size: 119.88193pt x 52.55133pt.
<topics/SPSchaltungen/zimg2.png, id=34, 1043.9pt x 483.8075pt>
File: topics/SPSchaltungen/zimg2.png Graphic file (type png)
<use topics/SPSchaltungen/zimg2.png>
Package pdftex.def Info: topics/SPSchaltungen/zimg2.png  used on input line 367.
(pdftex.def)             Requested size: 142.87697pt x 66.21182pt.
<topics/SPSchaltungen/zimg9.png, id=35, 429.605pt x 170.6375pt>
File: topics/SPSchaltungen/zimg9.png Graphic file (type png)
<use topics/SPSchaltungen/zimg9.png>
Package pdftex.def Info: topics/SPSchaltungen/zimg9.png  used on input line 382.
(pdftex.def)             Requested size: 142.87697pt x 56.75056pt.
<topics/SPSchaltungen/zimg10.png, id=36, 1507.6325pt x 311.1625pt>
File: topics/SPSchaltungen/zimg10.png Graphic file (type png)
<use topics/SPSchaltungen/zimg10.png>
Package pdftex.def Info: topics/SPSchaltungen/zimg10.png  used on input line 396.
(pdftex.def)             Requested size: 285.75394pt x 58.9743pt.


<topics/SPSchaltungen/zimg8.png, id=37, 664.4825pt x 222.8325pt>
File: topics/SPSchaltungen/zimg8.png Graphic file (type png)
<use topics/SPSchaltungen/zimg8.png>
Package pdftex.def Info: topics/SPSchaltungen/zimg8.png  used on input line 419.
(pdftex.def)             Requested size: 142.87697pt x 47.91145pt.
<topics/SPSchaltungen/zimg11.png, id=38, 977.6525pt x 236.885pt>
File: topics/SPSchaltungen/zimg11.png Graphic file (type png)
<use topics/SPSchaltungen/zimg11.png>
Package pdftex.def Info: topics/SPSchaltungen/zimg11.png  used on input line 445.
(pdftex.def)             Requested size: 142.87697pt x 34.61673pt.
<topics/SPSchaltungen/zimg12.png, id=39, 1901.1025pt x 443.6575pt>
File: topics/SPSchaltungen/zimg12.png Graphic file (type png)
<use topics/SPSchaltungen/zimg12.png>
Package pdftex.def Info: topics/SPSchaltungen/zimg12.png  used on input line 446.
(pdftex.def)             Requested size: 142.87697pt x 33.34056pt.
<topics/SPSchaltungen/zimg13.png, id=40, 1919.17pt x 383.4325pt>
File: topics/SPSchaltungen/zimg13.png Graphic file (type png)
<use topics/SPSchaltungen/zimg13.png>
Package pdftex.def Info: topics/SPSchaltungen/zimg13.png  used on input line 447.
(pdftex.def)             Requested size: 142.87697pt x 28.54556pt.
<topics/SPSchaltungen/zimg14.png, id=41, 1730.465pt x 301.125pt>
File: topics/SPSchaltungen/zimg14.png Graphic file (type png)
<use topics/SPSchaltungen/zimg14.png>
Package pdftex.def Info: topics/SPSchaltungen/zimg14.png  used on input line 448.
(pdftex.def)             Requested size: 142.87697pt x 24.86241pt.
<topics/SPSchaltungen/zimg15.png, id=42, 2117.9125pt x 423.5825pt>
File: topics/SPSchaltungen/zimg15.png Graphic file (type png)
<use topics/SPSchaltungen/zimg15.png>
Package pdftex.def Info: topics/SPSchaltungen/zimg15.png  used on input line 451.
(pdftex.def)             Requested size: 142.87697pt x 28.57442pt.
<topics/SPSchaltungen/zimg16.png, id=43, 1989.4325pt x 580.1675pt>
File: topics/SPSchaltungen/zimg16.png Graphic file (type png)
<use topics/SPSchaltungen/zimg16.png>
Package pdftex.def Info: topics/SPSchaltungen/zimg16.png  used on input line 456.
(pdftex.def)             Requested size: 142.87697pt x 41.66048pt.
<topics/SPSchaltungen/zimg17.png, id=44, 1989.4325pt x 580.1675pt>
File: topics/SPSchaltungen/zimg17.png Graphic file (type png)
<use topics/SPSchaltungen/zimg17.png>
Package pdftex.def Info: topics/SPSchaltungen/zimg17.png  used on input line 457.
(pdftex.def)             Requested size: 142.87697pt x 41.66048pt.
<topics/SPSchaltungen/zimg18.png, id=46, 1238.6275pt x 475.7775pt>
File: topics/SPSchaltungen/zimg18.png Graphic file (type png)
<use topics/SPSchaltungen/zimg18.png>
Package pdftex.def Info: topics/SPSchaltungen/zimg18.png  used on input line 460.
(pdftex.def)             Requested size: 142.87697pt x 54.8766pt.


[3 <./topics/SPSchaltungen/zimg7.png> <./topics/SPSchaltungen/zimg1.png> <./topics/SPSchaltungen/zimg2.png> <./topics/SPSchaltungen/zimg9.png> <./topics/SPSchaltungen/zimg10.png> <./topics/SPSchaltungen/zimg8.png> <./topics/SPSchaltungen/zimg11.png> <./topics/SPSchaltungen/zimg12.png> <./topics/SPSchaltungen/zimg13.png> <./topics/SPSchaltungen/zimg14.png> <./topics/SPSchaltungen/zimg15.png> <./topics/SPSchaltungen/zimg16.png> <./topics/SPSchaltungen/zimg17.png> <./topics/SPSchaltungen/zimg18.png>]
<topics/SPSchaltungen/zimg19.png, id=51, 1469.49pt x 550.055pt>
File: topics/SPSchaltungen/zimg19.png Graphic file (type png)
<use topics/SPSchaltungen/zimg19.png>
Package pdftex.def Info: topics/SPSchaltungen/zimg19.png  used on input line 468.
(pdftex.def)             Requested size: 142.87697pt x 53.48116pt.
<topics/SPSchaltungen/zimg20.png, id=52, 2015.53pt x 1061.9675pt>
File: topics/SPSchaltungen/zimg20.png Graphic file (type png)
<use topics/SPSchaltungen/zimg20.png>
Package pdftex.def Info: topics/SPSchaltungen/zimg20.png  used on input line 469.
(pdftex.def)             Requested size: 142.87697pt x 75.26895pt.
<topics/SPSchaltungen/zimg23.png, id=53, 1407.2575pt x 628.3475pt>
File: topics/SPSchaltungen/zimg23.png Graphic file (type png)
<use topics/SPSchaltungen/zimg23.png>
Package pdftex.def Info: topics/SPSchaltungen/zimg23.png  used on input line 471.
(pdftex.def)             Requested size: 85.72705pt x 38.27449pt.
<topics/SPSchaltungen/zimg21.png, id=54, 2015.53pt x 1061.9675pt>
File: topics/SPSchaltungen/zimg21.png Graphic file (type png)
<use topics/SPSchaltungen/zimg21.png>
Package pdftex.def Info: topics/SPSchaltungen/zimg21.png  used on input line 472.
(pdftex.def)             Requested size: 85.72705pt x 45.16138pt.
<topics/SPSchaltungen/zimg31.png, id=55, 911.405pt x 580.1675pt>
File: topics/SPSchaltungen/zimg31.png Graphic file (type png)
<use topics/SPSchaltungen/zimg31.png>
Package pdftex.def Info: topics/SPSchaltungen/zimg31.png  used on input line 473.
(pdftex.def)             Requested size: 85.72705pt x 54.56761pt.
<topics/SPSchaltungen/zimg24.png, id=56, 1268.74pt x 556.0775pt>
File: topics/SPSchaltungen/zimg24.png Graphic file (type png)
<use topics/SPSchaltungen/zimg24.png>
Package pdftex.def Info: topics/SPSchaltungen/zimg24.png  used on input line 475.
(pdftex.def)             Requested size: 85.72705pt x 37.5718pt.
<topics/SPSchaltungen/zimg22.png, id=57, 2015.53pt x 1061.9675pt>
File: topics/SPSchaltungen/zimg22.png Graphic file (type png)
<use topics/SPSchaltungen/zimg22.png>
Package pdftex.def Info: topics/SPSchaltungen/zimg22.png  used on input line 476.
(pdftex.def)             Requested size: 85.72705pt x 45.16138pt.
<topics/SPSchaltungen/zimg32.png, id=58, 700.6175pt x 461.725pt>
File: topics/SPSchaltungen/zimg32.png Graphic file (type png)
<use topics/SPSchaltungen/zimg32.png>
Package pdftex.def Info: topics/SPSchaltungen/zimg32.png  used on input line 477.
(pdftex.def)             Requested size: 85.72705pt x 56.49663pt.
<topics/SPSchaltungen/zimg25.png, id=59, 957.5775pt x 437.635pt>
File: topics/SPSchaltungen/zimg25.png Graphic file (type png)
<use topics/SPSchaltungen/zimg25.png>
Package pdftex.def Info: topics/SPSchaltungen/zimg25.png  used on input line 479.
(pdftex.def)             Requested size: 85.72705pt x 39.17844pt.
<topics/SPSchaltungen/zimg33.png, id=60, 2015.53pt x 1061.9675pt>
File: topics/SPSchaltungen/zimg33.png Graphic file (type png)
<use topics/SPSchaltungen/zimg33.png>
Package pdftex.def Info: topics/SPSchaltungen/zimg33.png  used on input line 480.
(pdftex.def)             Requested size: 85.72705pt x 45.16138pt.
<topics/SPSchaltungen/zimg39.png, id=61, 1860.9525pt x 726.715pt>
File: topics/SPSchaltungen/zimg39.png Graphic file (type png)
<use topics/SPSchaltungen/zimg39.png>
Package pdftex.def Info: topics/SPSchaltungen/zimg39.png  used on input line 481.
(pdftex.def)             Requested size: 85.72705pt x 33.47697pt.
<topics/SPSchaltungen/zimg26.png, id=62, 885.3075pt x 461.725pt>
File: topics/SPSchaltungen/zimg26.png Graphic file (type png)
<use topics/SPSchaltungen/zimg26.png>
Package pdftex.def Info: topics/SPSchaltungen/zimg26.png  used on input line 484.
(pdftex.def)             Requested size: 85.72705pt x 44.70976pt.
<topics/SPSchaltungen/zimg34.png, id=63, 2015.53pt x 1061.9675pt>
File: topics/SPSchaltungen/zimg34.png Graphic file (type png)
<use topics/SPSchaltungen/zimg34.png>
Package pdftex.def Info: topics/SPSchaltungen/zimg34.png  used on input line 485.
(pdftex.def)             Requested size: 85.72705pt x 45.16138pt.
<topics/SPSchaltungen/zimg40.png, id=64, 1897.0875pt x 704.6325pt>
File: topics/SPSchaltungen/zimg40.png Graphic file (type png)
<use topics/SPSchaltungen/zimg40.png>
Package pdftex.def Info: topics/SPSchaltungen/zimg40.png  used on input line 486.
(pdftex.def)             Requested size: 85.72705pt x 31.8361pt.
<topics/SPSchaltungen/zimg27.png, id=65, 941.5175pt x 391.4625pt>
File: topics/SPSchaltungen/zimg27.png Graphic file (type png)
<use topics/SPSchaltungen/zimg27.png>
Package pdftex.def Info: topics/SPSchaltungen/zimg27.png  used on input line 488.
(pdftex.def)             Requested size: 85.72705pt x 35.64224pt.
<topics/SPSchaltungen/zimg35.png, id=66, 2015.53pt x 1061.9675pt>
File: topics/SPSchaltungen/zimg35.png Graphic file (type png)
<use topics/SPSchaltungen/zimg35.png>
Package pdftex.def Info: topics/SPSchaltungen/zimg35.png  used on input line 489.
(pdftex.def)             Requested size: 85.72705pt x 45.16138pt.
<topics/SPSchaltungen/zimg41.png, id=67, 1061.9675pt x 371.3875pt>
File: topics/SPSchaltungen/zimg41.png Graphic file (type png)
<use topics/SPSchaltungen/zimg41.png>
Package pdftex.def Info: topics/SPSchaltungen/zimg41.png  used on input line 490.
(pdftex.def)             Requested size: 85.72705pt x 29.97795pt.
<topics/SPSchaltungen/zimg28.png, id=68, 859.21pt x 367.3725pt>
File: topics/SPSchaltungen/zimg28.png Graphic file (type png)
<use topics/SPSchaltungen/zimg28.png>
Package pdftex.def Info: topics/SPSchaltungen/zimg28.png  used on input line 492.
(pdftex.def)             Requested size: 85.72705pt x 36.6497pt.
<topics/SPSchaltungen/zimg36.png, id=69, 2015.53pt x 1061.9675pt>
File: topics/SPSchaltungen/zimg36.png Graphic file (type png)
<use topics/SPSchaltungen/zimg36.png>
Package pdftex.def Info: topics/SPSchaltungen/zimg36.png  used on input line 493.
(pdftex.def)             Requested size: 85.72705pt x 45.16138pt.
<topics/SPSchaltungen/zimg42.png, id=70, 1114.1625pt x 403.5075pt>
File: topics/SPSchaltungen/zimg42.png Graphic file (type png)
<use topics/SPSchaltungen/zimg42.png>
Package pdftex.def Info: topics/SPSchaltungen/zimg42.png  used on input line 494.
(pdftex.def)             Requested size: 85.72705pt x 31.04369pt.
<topics/SPSchaltungen/zimg29.png, id=71, 875.27pt x 379.4175pt>
File: topics/SPSchaltungen/zimg29.png Graphic file (type png)
<use topics/SPSchaltungen/zimg29.png>
Package pdftex.def Info: topics/SPSchaltungen/zimg29.png  used on input line 496.
(pdftex.def)             Requested size: 85.72705pt x 37.1566pt.
<topics/SPSchaltungen/zimg37.png, id=72, 2015.53pt x 1061.9675pt>
File: topics/SPSchaltungen/zimg37.png Graphic file (type png)
<use topics/SPSchaltungen/zimg37.png>
Package pdftex.def Info: topics/SPSchaltungen/zimg37.png  used on input line 497.
(pdftex.def)             Requested size: 85.72705pt x 45.16138pt.
<topics/SPSchaltungen/zimg43.png, id=73, 1182.4175pt x 441.65pt>
File: topics/SPSchaltungen/zimg43.png Graphic file (type png)
<use topics/SPSchaltungen/zimg43.png>
Package pdftex.def Info: topics/SPSchaltungen/zimg43.png  used on input line 498.
(pdftex.def)             Requested size: 85.72705pt x 32.0171pt.
<topics/SPSchaltungen/zimg30.png, id=74, 861.2175pt x 401.5pt>
File: topics/SPSchaltungen/zimg30.png Graphic file (type png)
<use topics/SPSchaltungen/zimg30.png>
Package pdftex.def Info: topics/SPSchaltungen/zimg30.png  used on input line 500.
(pdftex.def)             Requested size: 85.72705pt x 39.96243pt.
<topics/SPSchaltungen/zimg38.png, id=75, 2015.53pt x 1061.9675pt>
File: topics/SPSchaltungen/zimg38.png Graphic file (type png)
<use topics/SPSchaltungen/zimg38.png>
Package pdftex.def Info: topics/SPSchaltungen/zimg38.png  used on input line 501.
(pdftex.def)             Requested size: 85.72705pt x 45.16138pt.
<topics/SPSchaltungen/zimg44.png, id=76, 1166.3575pt x 411.5375pt>
File: topics/SPSchaltungen/zimg44.png Graphic file (type png)
<use topics/SPSchaltungen/zimg44.png>
Package pdftex.def Info: topics/SPSchaltungen/zimg44.png  used on input line 502.
(pdftex.def)             Requested size: 85.72705pt x 30.2423pt.
)



[4

 <./topics/SPSchaltungen/zimg19.png> <./topics/SPSchaltungen/zimg20.png> <./topics/SPSchaltungen/zimg23.png> <./topics/SPSchaltungen/zimg21.png> <./topics/SPSchaltungen/zimg31.png> <./topics/SPSchaltungen/zimg24.png> <./topics/SPSchaltungen/zimg22.png> <./topics/SPSchaltungen/zimg32.png> <./topics/SPSchaltungen/zimg25.png> <./topics/SPSchaltungen/zimg33.png> <./topics/SPSchaltungen/zimg39.png> <./topics/SPSchaltungen/zimg26.png> <./topics/SPSchaltungen/zimg34.png> <./topics/SPSchaltungen/zimg40.png> <./topics/SPSchaltungen/zimg27.png> <./topics/SPSchaltungen/zimg35.png> <./topics/SPSchaltungen/zimg41.png> <./topics/SPSchaltungen/zimg28.png> <./topics/SPSchaltungen/zimg36.png> <./topics/SPSchaltungen/zimg42.png> <./topics/SPSchaltungen/zimg29.png> <./topics/SPSchaltungen/zimg37.png> <./topics/SPSchaltungen/zimg43.png> <./topics/SPSchaltungen/zimg30.png> <./topics/SPSchaltungen/zimg38.png> <./topics/SPSchaltungen/zimg44.png>] (./main.aux)
 ***********
LaTeX2e <2024-11-01> patch level 2
L3 programming layer <2025-01-18>
 ***********
 ) 
Here is how much of TeX's memory you used:
 14927 strings out of 473197
 305838 string characters out of 5718606
 699179 words of memory out of 5000000
 37911 multiletter control sequences out of 15000+600000
 579959 words of font info for 113 fonts, out of 8000000 for 9000
 1141 hyphenation exceptions out of 8191
 117i,9n,121p,600b,566s stack positions out of 10000i,1000n,20000p,200000b,200000s
</usr/share/texlive/texmf-dist/fonts/type1/public/amsfonts/cm/cmbx10.pfb></usr/share/texlive/texmf-dist/fonts/type1/public/amsfonts/cm/cmbx12.pfb></usr/share/texlive/texmf-dist/fonts/type1/public/amsfonts/cm/cmex10.pfb></usr/share/texlive/texmf-dist/fonts/type1/public/amsfonts/cmextra/cmex8.pfb></usr/share/texlive/texmf-dist/fonts/type1/public/amsfonts/cm/cmmi10.pfb></usr/share/texlive/texmf-dist/fonts/type1/public/amsfonts/cm/cmmi12.pfb></usr/share/texlive/texmf-dist/fonts/type1/public/amsfonts/cm/cmmi6.pfb></usr/share/texlive/texmf-dist/fonts/type1/public/amsfonts/cm/cmmi8.pfb></usr/share/texlive/texmf-dist/fonts/type1/public/amsfonts/cm/cmr10.pfb></usr/share/texlive/texmf-dist/fonts/type1/public/amsfonts/cm/cmr17.pfb></usr/share/texlive/texmf-dist/fonts/type1/public/amsfonts/cm/cmr6.pfb></usr/share/texlive/texmf-dist/fonts/type1/public/amsfonts/cm/cmr8.pfb></usr/share/texlive/texmf-dist/fonts/type1/public/amsfonts/cm/cmsy10.pfb></usr/share/texlive/texmf-dist/fonts/type1/public/amsfonts/cm/cmsy6.pfb></usr/share/texlive/texmf-dist/fonts/type1/public/amsfonts/cm/cmsy8.pfb></usr/share/texmf/fonts/type1/public/cm-super/sfrm1095.pfb>
Output written on main.pdf (4 pages, 1956007 bytes).
PDF statistics:
 156 PDF objects out of 1000 (max. 8388607)
 63 compressed objects within 1 object stream
 0 named destinations out of 1000 (max. 500000)
 233 words of extra memory for PDF output out of 10000 (max. 10000000)

