[Mon Mar 30 16:45:25 CEST 2026] Build succeeded
[Mon Mar 30 16:45:43 CEST 2026] Build succeeded
[Mon Mar 30 16:46:05 CEST 2026] Build succeeded
[Mon Mar 30 16:46:10 CEST 2026] Build succeeded
[Mon Apr 20 10:14:30 CEST 2026] Build succeeded
[Mon Apr 20 10:14:35 CEST 2026] Build succeeded
[Mon Apr 20 10:15:32 CEST 2026] Build succeeded
[Mon Apr 20 11:15:02 CEST 2026] Build succeeded
[Mon Apr 20 11:15:02 CEST 2026] Build succeeded
[Mon Apr 20 11:18:33 CEST 2026] Build succeeded
[Mon Apr 20 11:19:23 CEST 2026] Build succeeded
[Mon Apr 20 11:21:29 CEST 2026] Build succeeded
[Mon Apr 20 11:22:03 CEST 2026] Build succeeded
[Mon Apr 20 11:23:05 CEST 2026] Build failed, aux files cleaned
[Mon Apr 20 11:23:06 CEST 2026] Build failed, aux files cleaned
[Mon Apr 20 11:23:11 CEST 2026] Build succeeded
[Mon Apr 20 11:23:46 CEST 2026] Build succeeded
[Mon Apr 20 11:24:11 CEST 2026] Build succeeded
[Mon Apr 20 11:24:42 CEST 2026] Build failed, aux files cleaned
[Mon Apr 20 11:24:43 CEST 2026] Build failed, aux files cleaned
[Mon Apr 20 11:26:14 CEST 2026] Build failed, aux files cleaned
[Mon Apr 20 11:26:15 CEST 2026] Build failed, aux files cleaned
[Mon Apr 20 11:26:18 CEST 2026] Build succeeded
[Mon Apr 20 11:27:04 CEST 2026] Build succeeded
[Mon Apr 20 11:27:45 CEST 2026] Build succeeded
[Mon Apr 20 11:28:07 CEST 2026] Build succeeded
[Mon Apr 20 11:28:42 CEST 2026] Build succeeded
[Mon Apr 20 11:28:51 CEST 2026] Build succeeded
[Mon Apr 20 11:29:28 CEST 2026] Build succeeded
[Mon Apr 20 11:31:55 CEST 2026] Build succeeded
[Mon Apr 20 11:32:33 CEST 2026] Build failed, aux files cleaned
[Mon Apr 20 11:32:33 CEST 2026] Build failed, aux files cleaned
[Mon Apr 20 11:32:59 CEST 2026] Build succeeded
[Mon Apr 20 11:34:32 CEST 2026] Build succeeded
[Mon Apr 20 11:34:40 CEST 2026] Build succeeded
[Mon Apr 20 11:34:44 CEST 2026] Build succeeded
[Mon Apr 20 11:35:53 CEST 2026] Build succeeded
[Mon Apr 20 11:36:08 CEST 2026] Build succeeded
[Mon Apr 20 11:36:20 CEST 2026] Build succeeded
[Mon Apr 20 11:37:01 CEST 2026] Build succeeded
[Mon Apr 20 11:37:10 CEST 2026] Build succeeded
[Mon Apr 20 11:38:18 CEST 2026] Build succeeded
[Mon Apr 20 11:40:58 CEST 2026] Build succeeded
[Mon Apr 20 11:41:12 CEST 2026] Build succeeded
[Mon Apr 20 11:41:17 CEST 2026] Build succeeded
[Mon Apr 20 11:42:41 CEST 2026] Build succeeded
[Mon Apr 20 11:43:34 CEST 2026] Build succeeded
[Mon Apr 20 11:43:51 CEST 2026] Build succeeded
[Mon Apr 20 11:44:10 CEST 2026] Build succeeded
[Mon Apr 20 11:45:06 CEST 2026] Build succeeded
[Mon Apr 20 11:45:54 CEST 2026] Build succeeded
[Mon Apr 20 12:36:37 CEST 2026] Build succeeded
[Mon Apr 27 10:12:30 CEST 2026] Build succeeded
[Mon Apr 27 10:14:03 CEST 2026] Build succeeded
[Mon Apr 27 10:14:12 CEST 2026] Build succeeded
[Mon Apr 27 10:14:51 CEST 2026] Build succeeded
[Mon Apr 27 10:16:42 CEST 2026] Build succeeded
[Mon Apr 27 10:16:50 CEST 2026] Build succeeded
[Mon Apr 27 10:17:22 CEST 2026] Build succeeded
[Mon Apr 27 10:17:31 CEST 2026] Build succeeded
[Mon Apr 27 10:17:42 CEST 2026] Build succeeded
[Mon Apr 27 10:17:50 CEST 2026] Build succeeded
[Mon Apr 27 10:17:59 CEST 2026] Build succeeded
[Mon Apr 27 10:18:48 CEST 2026] Build succeeded
[Mon Apr 27 10:18:51 CEST 2026] Build succeeded
[Mon Apr 27 10:18:54 CEST 2026] Build succeeded
[Mon Apr 27 10:20:38 CEST 2026] Build succeeded
[Mon Apr 27 10:32:17 CEST 2026] Build failed, aux files cleaned
[Mon Apr 27 10:32:18 CEST 2026] Build failed, aux files cleaned
[Mon Apr 27 10:33:44 CEST 2026] Build succeeded
[Mon Apr 27 10:33:44 CEST 2026] Build succeeded
[Mon Apr 27 10:33:54 CEST 2026] Build succeeded
[Mon Apr 27 10:34:00 CEST 2026] Build succeeded
[Mon Apr 27 10:34:36 CEST 2026] Build succeeded
[Mon Apr 27 10:48:44 CEST 2026] Build succeeded
[Mon Apr 27 10:49:16 CEST 2026] Build succeeded
[Mon Apr 27 10:49:27 CEST 2026] Build succeeded
[Mon Apr 27 10:49:29 CEST 2026] Build succeeded
[Mon Apr 27 10:53:27 CEST 2026] Build succeeded
[Mon Apr 27 10:54:13 CEST 2026] Build succeeded
[Mon Apr 27 10:54:54 CEST 2026] Build failed, aux files cleaned
[Mon Apr 27 10:54:55 CEST 2026] Build failed, aux files cleaned
[Mon Apr 27 10:54:58 CEST 2026] Build succeeded
[Mon Apr 27 10:56:09 CEST 2026] Build failed, aux files cleaned
[Mon Apr 27 10:56:09 CEST 2026] Build succeeded
[Mon Apr 27 10:56:13 CEST 2026] Build failed, aux files cleaned
[Mon Apr 27 10:56:13 CEST 2026] Build failed, aux files cleaned
[Mon Apr 27 10:56:34 CEST 2026] Build failed, aux files cleaned
[Mon Apr 27 10:56:35 CEST 2026] Build failed, aux files cleaned
[Mon Apr 27 10:56:39 CEST 2026] Build succeeded
[Mon Apr 27 10:56:51 CEST 2026] Build succeeded
[Mon Apr 27 10:56:55 CEST 2026] Build succeeded
[Mon Apr 27 10:57:41 CEST 2026] Build succeeded
[Mon Apr 27 10:58:37 CEST 2026] Build succeeded
[Mon Apr 27 10:59:20 CEST 2026] Build succeeded
[Mon Apr 27 10:59:29 CEST 2026] Build succeeded
[Mon Apr 27 11:00:59 CEST 2026] Build succeeded
[Mon Apr 27 11:01:27 CEST 2026] Build succeeded
[Mon Apr 27 11:02:13 CEST 2026] Build succeeded
[Mon Apr 27 11:03:45 CEST 2026] Build succeeded
[Mon Apr 27 11:05:04 CEST 2026] Build succeeded
[Mon Apr 27 11:05:43 CEST 2026] Build succeeded
[Mon Apr 27 11:06:29 CEST 2026] Build succeeded
[Mon Apr 27 11:06:58 CEST 2026] Build succeeded
[Mon Apr 27 11:07:05 CEST 2026] Build succeeded
[Mon Apr 27 11:07:54 CEST 2026] Build succeeded
[Mon Apr 27 11:08:12 CEST 2026] Build succeeded
[Mon Apr 27 11:08:16 CEST 2026] Build succeeded
[Mon Apr 27 11:10:59 CEST 2026] Build succeeded
[Mon Apr 27 11:13:00 CEST 2026] Build succeeded
[Mon Apr 27 11:13:07 CEST 2026] Build succeeded
[Mon Apr 27 11:13:45 CEST 2026] Build succeeded
[Mon Apr 27 11:14:48 CEST 2026] Build succeeded
[Mon Apr 27 11:15:59 CEST 2026] Build succeeded
[Mon Apr 27 11:17:23 CEST 2026] Build succeeded
[Mon Apr 27 11:18:05 CEST 2026] Build succeeded
[Mon Apr 27 11:18:50 CEST 2026] Build succeeded
[Mon Apr 27 11:22:00 CEST 2026] Build succeeded
[Mon Apr 27 11:22:54 CEST 2026] Build succeeded
[Mon Apr 27 11:24:45 CEST 2026] Build succeeded
[Mon Apr 27 11:25:56 CEST 2026] Build succeeded
[Mon Apr 27 11:26:16 CEST 2026] Build succeeded
[Mon Apr 27 11:26:57 CEST 2026] Build succeeded
[Mon Apr 27 11:28:04 CEST 2026] Build succeeded
[Mon Apr 27 11:28:29 CEST 2026] Build succeeded
[Mon Apr 27 11:28:44 CEST 2026] Build succeeded
[Mon Apr 27 11:30:02 CEST 2026] Build succeeded
[Mon Apr 27 11:31:03 CEST 2026] Build succeeded
[Mon Apr 27 11:31:09 CEST 2026] Build succeeded
[Mon Apr 27 11:31:18 CEST 2026] Build succeeded
[Mon Apr 27 11:31:32 CEST 2026] Build succeeded
[Mon Apr 27 11:32:26 CEST 2026] Build succeeded
[Mon Apr 27 11:32:32 CEST 2026] Build failed, aux files cleaned
[Mon Apr 27 11:32:32 CEST 2026] Build failed, aux files cleaned
[Mon Apr 27 11:32:47 CEST 2026] Build succeeded
[Mon Apr 27 11:34:51 CEST 2026] Build succeeded
[Mon Apr 27 11:35:02 CEST 2026] Build succeeded
[Mon Apr 27 11:35:45 CEST 2026] Build succeeded
[Mon Apr 27 11:35:59 CEST 2026] Build succeeded
[Mon Apr 27 11:36:13 CEST 2026] Build succeeded
[Mon Apr 27 11:36:25 CEST 2026] Build succeeded
[Mon Apr 27 11:36:30 CEST 2026] Build succeeded
[Mon Apr 27 11:36:39 CEST 2026] Build succeeded
[Mon Apr 27 11:40:38 CEST 2026] Build succeeded
[Mon Apr 27 11:48:42 CEST 2026] Build succeeded
[Mon Apr 27 11:49:32 CEST 2026] Build succeeded
[Mon Apr 27 11:49:50 CEST 2026] Build succeeded
[Wed Apr 29 10:18:11 CEST 2026] Build succeeded
[Wed Apr 29 10:21:12 CEST 2026] Build succeeded
[Wed Apr 29 10:21:57 CEST 2026] Build succeeded
[Wed Apr 29 10:22:32 CEST 2026] Build succeeded
[Wed Apr 29 10:27:21 CEST 2026] Build succeeded
[Wed Apr 29 10:29:40 CEST 2026] Build succeeded
[Wed Apr 29 10:30:52 CEST 2026] Build succeeded
[Wed Apr 29 10:31:13 CEST 2026] Build succeeded
[Wed Apr 29 10:31:42 CEST 2026] Build succeeded
[Wed Apr 29 10:31:54 CEST 2026] Build succeeded
[Wed Apr 29 10:31:58 CEST 2026] Build succeeded
[Wed Apr 29 10:32:04 CEST 2026] Build succeeded
[Wed Apr 29 10:33:37 CEST 2026] Build succeeded
[Wed Apr 29 10:34:19 CEST 2026] Build succeeded
[Wed Apr 29 10:34:42 CEST 2026] Build succeeded
[Wed Apr 29 10:34:56 CEST 2026] Build succeeded
[Wed Apr 29 10:36:05 CEST 2026] Build failed, aux files cleaned
[Wed Apr 29 10:36:05 CEST 2026] Build failed, aux files cleaned
[Wed Apr 29 10:36:13 CEST 2026] Build succeeded
[Wed Apr 29 10:37:56 CEST 2026] Build succeeded
[Wed Apr 29 10:38:09 CEST 2026] Build succeeded
[Wed Apr 29 10:38:18 CEST 2026] Build succeeded
[Wed Apr 29 10:38:24 CEST 2026] Build succeeded
[Wed Apr 29 10:38:29 CEST 2026] Build succeeded
[Wed Apr 29 10:38:35 CEST 2026] Build succeeded
[Wed Apr 29 10:38:42 CEST 2026] Build succeeded
[Wed Apr 29 10:39:09 CEST 2026] Build succeeded
[Wed Apr 29 10:39:16 CEST 2026] Build succeeded
[Wed Apr 29 10:39:22 CEST 2026] Build succeeded
[Wed Apr 29 10:39:28 CEST 2026] Build succeeded
[Wed Apr 29 10:39:33 CEST 2026] Build succeeded
[Wed Apr 29 10:39:37 CEST 2026] Build succeeded
[Wed Apr 29 10:40:47 CEST 2026] Build succeeded
[Wed Apr 29 10:42:02 CEST 2026] Build succeeded
[Wed Apr 29 10:43:53 CEST 2026] Build succeeded
[Wed Apr 29 10:44:09 CEST 2026] Build succeeded
[Wed Apr 29 10:44:49 CEST 2026] Build succeeded
[Wed Apr 29 10:45:04 CEST 2026] Build succeeded
[Wed Apr 29 10:46:26 CEST 2026] Build succeeded
[Wed Apr 29 10:47:54 CEST 2026] Build succeeded
[Wed Apr 29 10:50:34 CEST 2026] Build failed, aux files cleaned
[Wed Apr 29 10:50:34 CEST 2026] Build failed, aux files cleaned
[Wed Apr 29 10:50:52 CEST 2026] Build succeeded
[Wed Apr 29 10:51:26 CEST 2026] Build succeeded
[Wed Apr 29 10:52:07 CEST 2026] Build succeeded
[Wed Apr 29 10:53:29 CEST 2026] Build failed, aux files cleaned
[Wed Apr 29 10:53:30 CEST 2026] Build failed, aux files cleaned
[Wed Apr 29 10:53:36 CEST 2026] Build succeeded
[Wed Apr 29 10:54:27 CEST 2026] Build succeeded
[Wed Apr 29 10:56:18 CEST 2026] Build succeeded
[Wed Apr 29 10:57:11 CEST 2026] Build succeeded
[Wed Apr 29 10:57:21 CEST 2026] Build succeeded
[Wed Apr 29 10:59:21 CEST 2026] Build succeeded
[Wed Apr 29 11:01:07 CEST 2026] Build succeeded
[Wed Apr 29 11:01:42 CEST 2026] Build succeeded
[Wed Apr 29 11:01:52 CEST 2026] Build succeeded
[Wed Apr 29 11:02:28 CEST 2026] Build succeeded
[Wed Apr 29 11:03:50 CEST 2026] Build succeeded
[Wed Apr 29 11:04:16 CEST 2026] Build succeeded
[Wed Apr 29 11:05:06 CEST 2026] Build failed, aux files cleaned
[Wed Apr 29 11:05:07 CEST 2026] Build failed, aux files cleaned
[Wed Apr 29 11:05:09 CEST 2026] Build succeeded
[Wed Apr 29 11:06:48 CEST 2026] Build succeeded
[Wed Apr 29 11:07:21 CEST 2026] Build succeeded
[Wed Apr 29 11:09:50 CEST 2026] Build succeeded
[Wed Apr 29 11:10:20 CEST 2026] Build succeeded
[Wed Apr 29 11:10:32 CEST 2026] Build succeeded
[Wed Apr 29 11:11:45 CEST 2026] Build succeeded
[Wed Apr 29 11:13:36 CEST 2026] Build succeeded
[Wed Apr 29 11:14:38 CEST 2026] Build succeeded
[Wed Apr 29 11:16:03 CEST 2026] Build succeeded
[Wed Apr 29 11:16:49 CEST 2026] Build succeeded
[Wed Apr 29 11:17:02 CEST 2026] Build succeeded
[Wed Apr 29 11:17:48 CEST 2026] Build succeeded
[Wed Apr 29 11:18:38 CEST 2026] Build succeeded
[Wed Apr 29 11:22:22 CEST 2026] Build succeeded
[Wed Apr 29 11:23:33 CEST 2026] Build succeeded
[Wed Apr 29 11:24:34 CEST 2026] Build succeeded
[Wed Apr 29 11:25:20 CEST 2026] Build succeeded
[Wed Apr 29 11:25:22 CEST 2026] Build succeeded
[Wed Apr 29 11:25:57 CEST 2026] Build succeeded
[Wed Apr 29 11:26:22 CEST 2026] Build succeeded
[Wed Apr 29 11:26:36 CEST 2026] Build succeeded
[Wed Apr 29 11:27:16 CEST 2026] Build succeeded
[Wed Apr 29 11:28:40 CEST 2026] Build failed, aux files cleaned
[Wed Apr 29 11:28:41 CEST 2026] Build failed, aux files cleaned
[Wed Apr 29 11:29:01 CEST 2026] Build succeeded
[Wed Apr 29 11:29:13 CEST 2026] Build succeeded
[Wed Apr 29 11:29:18 CEST 2026] Build succeeded
[Wed Apr 29 11:29:22 CEST 2026] Build succeeded
[Wed Apr 29 11:30:17 CEST 2026] Build succeeded
[Wed Apr 29 11:30:57 CEST 2026] Build succeeded
[Wed Apr 29 11:33:06 CEST 2026] Build succeeded
[Wed Apr 29 11:34:27 CEST 2026] Build succeeded
[Wed Apr 29 11:34:32 CEST 2026] Build succeeded
[Wed Apr 29 11:34:35 CEST 2026] Build succeeded
[Wed Apr 29 11:34:38 CEST 2026] Build succeeded
[Wed Apr 29 11:35:44 CEST 2026] Build succeeded
[Wed Apr 29 11:36:55 CEST 2026] Build succeeded
[Wed Apr 29 11:37:01 CEST 2026] Build succeeded
[Wed Apr 29 11:37:06 CEST 2026] Build succeeded
[Wed Apr 29 11:37:13 CEST 2026] Build succeeded
[Wed Apr 29 11:38:28 CEST 2026] Build succeeded
[Wed Apr 29 11:38:52 CEST 2026] Build succeeded
[Wed Apr 29 11:38:58 CEST 2026] Build succeeded
[Wed Apr 29 11:39:28 CEST 2026] Build succeeded
[Wed Apr 29 11:39:38 CEST 2026] Build succeeded
[Wed Apr 29 11:39:40 CEST 2026] Build succeeded
[Wed Apr 29 11:41:16 CEST 2026] Build succeeded
[Wed Apr 29 11:49:04 CEST 2026] Build succeeded
[Wed Apr 29 11:51:18 CEST 2026] Build succeeded
[Wed Apr 29 11:51:26 CEST 2026] Build succeeded
[Wed Apr 29 11:51:33 CEST 2026] Build succeeded
[Wed Apr 29 11:55:17 CEST 2026] Build succeeded
[Wed Apr 29 11:57:01 CEST 2026] Build succeeded
[Wed Apr 29 11:57:12 CEST 2026] Build succeeded
[Wed Apr 29 11:59:19 CEST 2026] Build succeeded
[Wed Apr 29 12:00:09 CEST 2026] Build succeeded
[Wed Apr 29 12:00:23 CEST 2026] Build succeeded
[Wed Apr 29 12:01:38 CEST 2026] Build succeeded
[Wed Apr 29 12:01:44 CEST 2026] Build succeeded
[Wed Apr 29 12:02:31 CEST 2026] Build succeeded
[Wed Apr 29 12:03:41 CEST 2026] Build succeeded
[Wed Apr 29 12:04:17 CEST 2026] Build succeeded
[Wed Apr 29 12:04:34 CEST 2026] Build succeeded
[Wed Apr 29 12:04:40 CEST 2026] Build succeeded
[Wed Apr 29 12:04:51 CEST 2026] Build succeeded
[Wed Apr 29 12:05:01 CEST 2026] Build succeeded
[Wed Apr 29 12:05:01 CEST 2026] Build succeeded
[Wed Apr 29 12:05:49 CEST 2026] Build succeeded
[Wed Apr 29 12:06:43 CEST 2026] Build succeeded
[Wed Apr 29 12:06:53 CEST 2026] Build succeeded
[Wed Apr 29 12:08:06 CEST 2026] Build succeeded
